// Jest Snapshot v1, https://jestjs.io/docs/snapshot-testing

exports[`should match the snapshot 1`] = `
<DocumentFragment>
  <div
    class="sc-dENgQn jrgGAJ"
  >
    <span
      class="sc-ifysGY igXSEr"
    >
      <div
        aria-busy="true"
        aria-label="rotating-lines-loading"
        class="sc-czglUn kMNwfg"
        data-testid="rotating-lines-loading"
        role="progressbar"
      >
        <svg
          aria-busy="true"
          aria-label="rotating-lines-loading"
          class="sc-eJgwXh gTQsHZ"
          data-testid="rotating-lines-svg"
          height="20"
          role="progressbar"
          speed="0.75"
          stroke="#4fa94d"
          viewBox="0 0 48 48"
          width="20"
          xmlns="http://www.w3.org/2000/svg"
        >
          <polyline
            class="sc-epPUyX kWuvzo"
            points="24,12 24,4"
            transform="rotate(0, 24, 24)"
          />
          <polyline
            class="sc-epPUyX kWuvzo"
            points="24,12 24,4"
            transform="rotate(30, 24, 24)"
          />
          <polyline
            class="sc-epPUyX kWuvzo"
            points="24,12 24,4"
            transform="rotate(60, 24, 24)"
          />
          <polyline
            class="sc-epPUyX kWuvzo"
            points="24,12 24,4"
            transform="rotate(90, 24, 24)"
          />
          <polyline
            class="sc-epPUyX kWuvzo"
            points="24,12 24,4"
            transform="rotate(120, 24, 24)"
          />
          <polyline
            class="sc-epPUyX kWuvzo"
            points="24,12 24,4"
            transform="rotate(150, 24, 24)"
          />
          <polyline
            class="sc-epPUyX kWuvzo"
            points="24,12 24,4"
            transform="rotate(180, 24, 24)"
          />
          <polyline
            class="sc-epPUyX kWuvzo"
            points="24,12 24,4"
            transform="rotate(210, 24, 24)"
          />
          <polyline
            class="sc-epPUyX kWuvzo"
            points="24,12 24,4"
            transform="rotate(240, 24, 24)"
          />
          <polyline
            class="sc-epPUyX kWuvzo"
            points="24,12 24,4"
            transform="rotate(270, 24, 24)"
          />
          <polyline
            class="sc-epPUyX kWuvzo"
            points="24,12 24,4"
            transform="rotate(300, 24, 24)"
          />
          <polyline
            class="sc-epPUyX kWuvzo"
            points="24,12 24,4"
            transform="rotate(330, 24, 24)"
          />
        </svg>
      </div>
    </span>
    <p
      class="sc-eEPCQm hOArhF"
    >
      saving
    </p>
  </div>
</DocumentFragment>
`;

exports[`should match the snapshot 2`] = `
<DocumentFragment>
  <div
    class="sc-dENgQn jrgGAJ"
  >
    <span
      class="sc-ifysGY igXSEr"
    >
      <div
        aria-busy="true"
        aria-label="rotating-lines-loading"
        class="sc-czglUn kMNwfg"
        data-testid="rotating-lines-loading"
        role="progressbar"
      >
        <svg
          aria-busy="true"
          aria-label="rotating-lines-loading"
          class="sc-eJgwXh gTQsHZ"
          data-testid="rotating-lines-svg"
          height="20"
          role="progressbar"
          speed="0.75"
          stroke="#4fa94d"
          viewBox="0 0 48 48"
          width="20"
          xmlns="http://www.w3.org/2000/svg"
        >
          <polyline
            class="sc-epPUyX kWuvzo"
            points="24,12 24,4"
            transform="rotate(0, 24, 24)"
          />
          <polyline
            class="sc-epPUyX kWuvzo"
            points="24,12 24,4"
            transform="rotate(30, 24, 24)"
          />
          <polyline
            class="sc-epPUyX kWuvzo"
            points="24,12 24,4"
            transform="rotate(60, 24, 24)"
          />
          <polyline
            class="sc-epPUyX kWuvzo"
            points="24,12 24,4"
            transform="rotate(90, 24, 24)"
          />
          <polyline
            class="sc-epPUyX kWuvzo"
            points="24,12 24,4"
            transform="rotate(120, 24, 24)"
          />
          <polyline
            class="sc-epPUyX kWuvzo"
            points="24,12 24,4"
            transform="rotate(150, 24, 24)"
          />
          <polyline
            class="sc-epPUyX kWuvzo"
            points="24,12 24,4"
            transform="rotate(180, 24, 24)"
          />
          <polyline
            class="sc-epPUyX kWuvzo"
            points="24,12 24,4"
            transform="rotate(210, 24, 24)"
          />
          <polyline
            class="sc-epPUyX kWuvzo"
            points="24,12 24,4"
            transform="rotate(240, 24, 24)"
          />
          <polyline
            class="sc-epPUyX kWuvzo"
            points="24,12 24,4"
            transform="rotate(270, 24, 24)"
          />
          <polyline
            class="sc-epPUyX kWuvzo"
            points="24,12 24,4"
            transform="rotate(300, 24, 24)"
          />
          <polyline
            class="sc-epPUyX kWuvzo"
            points="24,12 24,4"
            transform="rotate(330, 24, 24)"
          />
        </svg>
      </div>
    </span>
    <p
      class="sc-eEPCQm hOArhF"
    >
      saving
    </p>
  </div>
</DocumentFragment>
`;
